warning: unused import: `core::WaitFor`
  --> tests/integration_test.rs:22:50
   |
22 |     use testcontainers::{GenericImage, ImageExt, core::WaitFor, runners::AsyncRunner};
   |                                                  ^^^^^^^^^^^^^
   |
   = note: `#[warn(unused_imports)]` (part of `#[warn(unused)]`) on by default

warning: `crypto-wallets-service` (test "integration_test") generated 1 warning (run `cargo fix --test "integration_test" -p crypto-wallets-service` to apply 1 suggestion)
    Finished `test` profile [unoptimized + debuginfo] target(s) in 0.65s
     Running tests/integration_test.rs (target/debug/deps/integration_test-e21da52965f6ce6d)

running 1 test
[2m2026-01-25T12:58:54.057910Z[0m [34mDEBUG[0m [2mbollard::docker[0m[2m:[0m {"ExposedPorts":{},"Env":["POSTGRES_DB=postgres","POSTGRES_USER=postgres","POSTGRES_PASSWORD=postgres"],"Cmd":["-c","fsync=off"],"Image":"postgres:11-alpine","Labels":{"org.testcontainers.managed-by":"testcontainers"},"HostConfig":{"PortBindings":{},"ExtraHosts":[],"Privileged":false,"PublishAllPorts":true,"ReadonlyRootfs":false}}
[2m2026-01-25T12:58:54.058001Z[0m [34mDEBUG[0m [2mbollard::docker[0m[2m:[0m unix://2f7661722f72756e2f646f636b65722e736f636b/containers/create?platform=
[2m2026-01-25T12:58:54.093927Z[0m [34mDEBUG[0m [2mbollard::docker[0m[2m:[0m Decoded into string: {"Id":"5037e64f6b73ca03de5becc5a3652804711d6c6d29e5825d06483eb4d724b6d3","Warnings":[]}

[2m2026-01-25T12:58:54.094037Z[0m [34mDEBUG[0m [2mbollard::docker[0m[2m:[0m unix://2f7661722f72756e2f646f636b65722e736f636b/containers/5037e64f6b73ca03de5becc5a3652804711d6c6d29e5825d06483eb4d724b6d3/start
[2m2026-01-25T12:58:54.168787Z[0m [34mDEBUG[0m [2mbollard::docker[0m[2m:[0m unix://2f7661722f72756e2f646f636b65722e736f636b/containers/5037e64f6b73ca03de5becc5a3652804711d6c6d29e5825d06483eb4d724b6d3/json
[2m2026-01-25T12:58:54.171887Z[0m [34mDEBUG[0m [2mbollard::docker[0m[2m:[0m Decoded into string: {"Id":"5037e64f6b73ca03de5becc5a3652804711d6c6d29e5825d06483eb4d724b6d3","Created":"2026-01-25T12:58:54.07993467Z","Path":"docker-entrypoint.sh","Args":["-c","fsync=off"],"State":{"Status":"running","Running":true,"Paused":false,"Restarting":false,"OOMKilled":false,"Dead":false,"Pid":2401,"ExitCode":0,"Error":"","StartedAt":"2026-01-25T12:58:54.102843462Z","FinishedAt":"0001-01-01T00:00:00Z"},"Image":"sha256:ea50b9fd617b66c9135816a4536cf6e0697d4eea7014a7194479c95f6edd5ef9","ResolvConfPath":"/var/lib/docker/containers/5037e64f6b73ca03de5becc5a3652804711d6c6d29e5825d06483eb4d724b6d3/resolv.conf","HostnamePath":"/var/lib/docker/containers/5037e64f6b73ca03de5becc5a3652804711d6c6d29e5825d06483eb4d724b6d3/hostname","HostsPath":"/var/lib/docker/containers/5037e64f6b73ca03de5becc5a3652804711d6c6d29e5825d06483eb4d724b6d3/hosts","LogPath":"/var/lib/docker/containers/5037e64f6b73ca03de5becc5a3652804711d6c6d29e5825d06483eb4d724b6d3/5037e64f6b73ca03de5becc5a3652804711d6c6d29e5825d06483eb4d724b6d3-json.log","Name":"/competent_lederberg","RestartCount":0,"Driver":"overlayfs","Platform":"linux","MountLabel":"","ProcessLabel":"","AppArmorProfile":"","ExecIDs":null,"HostConfig":{"Binds":null,"ContainerIDFile":"","LogConfig":{"Type":"json-file","Config":{}},"NetworkMode":"bridge","PortBindings":{},"RestartPolicy":{"Name":"no","MaximumRetryCount":0},"AutoRemove":false,"VolumeDriver":"","VolumesFrom":null,"ConsoleSize":[0,0],"CapAdd":null,"CapDrop":null,"CgroupnsMode":"private","Dns":null,"DnsOptions":null,"DnsSearch":null,"ExtraHosts":[],"GroupAdd":null,"IpcMode":"private","Cgroup":"","Links":null,"OomScoreAdj":0,"PidMode":"","Privileged":false,"PublishAllPorts":true,"ReadonlyRootfs":false,"SecurityOpt":null,"UTSMode":"","UsernsMode":"","ShmSize":67108864,"Runtime":"runc","Isolation":"","CpuShares":0,"Memory":0,"NanoCpus":0,"CgroupParent":"","BlkioWeight":0,"BlkioWeightDevice":null,"BlkioDeviceReadBps":null,"BlkioDeviceWriteBps":null,"BlkioDeviceReadIOps":null,"BlkioDeviceWriteIOps":null,"CpuPeriod":0,"CpuQuota":0,"CpuRealtimePeriod":0,"CpuRealtimeRuntime":0,"CpusetCpus":"","CpusetMems":"","Devices":null,"DeviceCgroupRules":null,"DeviceRequests":null,"MemoryReservation":0,"MemorySwap":0,"MemorySwappiness":null,"OomKillDisable":null,"PidsLimit":null,"Ulimits":null,"CpuCount":0,"CpuPercent":0,"IOMaximumIOps":0,"IOMaximumBandwidth":0,"MaskedPaths":["/proc/acpi","/proc/asound","/proc/interrupts","/proc/kcore","/proc/keys","/proc/latency_stats","/proc/sched_debug","/proc/scsi","/proc/timer_list","/proc/timer_stats","/sys/devices/virtual/powercap","/sys/firmware"],"ReadonlyPaths":["/proc/bus","/proc/fs","/proc/irq","/proc/sys","/proc/sysrq-trigger"]},"Storage":{"RootFS":{"Snapshot":{"Name":"overlayfs"}}},"Mounts":[{"Type":"volume","Name":"547478159d95b304fd294244c0720ef0600a0876f5f5ad2b8bd06d13cb8fd38e","Source":"/var/lib/docker/volumes/547478159d95b304fd294244c0720ef0600a0876f5f5ad2b8bd06d13cb8fd38e/_data","Destination":"/var/lib/postgresql/data","Driver":"local","Mode":"","RW":true,"Propagation":""}],"Config":{"Hostname":"5037e64f6b73","Domainname":"","User":"","AttachStdin":false,"AttachStdout":false,"AttachStderr":false,"ExposedPorts":{"5432/tcp":{}},"Tty":false,"OpenStdin":false,"StdinOnce":false,"Env":["POSTGRES_DB=postgres","POSTGRES_USER=postgres","POSTGRES_PASSWORD=postgres","PATH=/usr/local/sbin:/usr/local/bin:/usr/sbin:/usr/bin:/sbin:/bin","LANG=en_US.utf8","PG_MAJOR=11","PG_VERSION=11.22","PG_SHA256=2cb7c97d7a0d7278851bbc9c61f467b69c094c72b81740b751108e7892ebe1f0","DOCKER_PG_LLVM_DEPS=llvm15-dev \t\tclang15","PGDATA=/var/lib/postgresql/data"],"Cmd":["-c","fsync=off"],"Image":"postgres:11-alpine","Volumes":{"/var/lib/postgresql/data":{}},"WorkingDir":"","Entrypoint":["docker-entrypoint.sh"],"Labels":{"org.testcontainers.managed-by":"testcontainers"},"StopSignal":"SIGINT","StopTimeout":1},"NetworkSettings":{"SandboxID":"748b9a84382979f953b1533b0002cddb47554eef55d3f3d64b243c1a642073d8","SandboxKey":"/var/run/docker/netns/748b9a843829","Ports":{"5432/tcp":[{"HostIp":"0.0.0.0","HostPort":"55014"}]},"Networks":{"bridge":{"IPAMConfig":null,"Links":null,"Aliases":null,"DriverOpts":null,"GwPriority":0,"NetworkID":"754f17c3538100ce9f5e694631ddd4e14bdbc4a2224f06bf53a67127924670b8","EndpointID":"76c567883adb99c8fb3943b8244c47239ed0a480239183f5d31c92b3a8202008","Gateway":"172.17.0.1","IPAddress":"172.17.0.2","MacAddress":"ee:82:3e:53:af:54","IPPrefixLen":16,"IPv6Gateway":"","GlobalIPv6Address":"","GlobalIPv6PrefixLen":0,"DNSNames":null}}},"ImageManifestDescriptor":{"mediaType":"application/vnd.oci.image.manifest.v1+json","digest":"sha256:18e4157fe636feccd8622acadb106df9e3d0bda4518513d2b610435ed5934ac9","size":2190,"annotations":{"org.opencontainers.image.revision":"25f6ba56f915bb41b2e2def0ed3acc5ae5439f44","org.opencontainers.image.source":"https://github.com/docker-library/postgres.git#25f6ba56f915bb41b2e2def0ed3acc5ae5439f44:11/alpine3.19","org.opencontainers.image.url":"https://hub.docker.com/_/postgres","org.opencontainers.image.version":"11.22-alpine3.19"},"platform":{"architecture":"arm64","os":"linux","variant":"v8"}}}

[2m2026-01-25T12:58:54.173595Z[0m [34mDEBUG[0m [2mtestcontainers::core::ports[0m[2m:[0m Registering IPv4 port mapping: 5432/tcp -> 55014
[2m2026-01-25T12:58:54.173642Z[0m [34mDEBUG[0m [2mtestcontainers::core::containers::async_container::raw[0m[2m:[0m Waiting for container 5037e64f6b73ca03de5becc5a3652804711d6c6d29e5825d06483eb4d724b6d3 to be ready
[2m2026-01-25T12:58:54.173703Z[0m [34mDEBUG[0m [2mbollard::docker[0m[2m:[0m unix://2f7661722f72756e2f646f636b65722e736f636b/containers/5037e64f6b73ca03de5becc5a3652804711d6c6d29e5825d06483eb4d724b6d3/logs?follow=true&stdout=false&stderr=true&since=0&until=0&timestamps=false&tail=all
[2m2026-01-25T12:58:54.707623Z[0m [34mDEBUG[0m [2mtestcontainers::core::logs[0m[2m:[0m Message found 1 times after comparing 11 lines
[2m2026-01-25T12:58:54.707838Z[0m [34mDEBUG[0m [2mbollard::docker[0m[2m:[0m unix://2f7661722f72756e2f646f636b65722e736f636b/containers/5037e64f6b73ca03de5becc5a3652804711d6c6d29e5825d06483eb4d724b6d3/logs?follow=true&stdout=true&stderr=false&since=0&until=0&timestamps=false&tail=all
[2m2026-01-25T12:58:54.710046Z[0m [34mDEBUG[0m [2mtestcontainers::core::logs[0m[2m:[0m Message found 1 times after comparing 27 lines
[2m2026-01-25T12:58:54.710140Z[0m [34mDEBUG[0m [2mtestcontainers::core::containers::async_container::raw[0m[2m:[0m Container 5037e64f6b73ca03de5becc5a3652804711d6c6d29e5825d06483eb4d724b6d3 is now ready!
[2m2026-01-25T12:58:54.710293Z[0m [34mDEBUG[0m [2mbollard::docker[0m[2m:[0m unix://2f7661722f72756e2f646f636b65722e736f636b/containers/5037e64f6b73ca03de5becc5a3652804711d6c6d29e5825d06483eb4d724b6d3/json
[2m2026-01-25T12:58:54.712560Z[0m [34mDEBUG[0m [2mbollard::docker[0m[2m:[0m Decoded into string: {"Id":"5037e64f6b73ca03de5becc5a3652804711d6c6d29e5825d06483eb4d724b6d3","Created":"2026-01-25T12:58:54.07993467Z","Path":"docker-entrypoint.sh","Args":["-c","fsync=off"],"State":{"Status":"running","Running":true,"Paused":false,"Restarting":false,"OOMKilled":false,"Dead":false,"Pid":2401,"ExitCode":0,"Error":"","StartedAt":"2026-01-25T12:58:54.102843462Z","FinishedAt":"0001-01-01T00:00:00Z"},"Image":"sha256:ea50b9fd617b66c9135816a4536cf6e0697d4eea7014a7194479c95f6edd5ef9","ResolvConfPath":"/var/lib/docker/containers/5037e64f6b73ca03de5becc5a3652804711d6c6d29e5825d06483eb4d724b6d3/resolv.conf","HostnamePath":"/var/lib/docker/containers/5037e64f6b73ca03de5becc5a3652804711d6c6d29e5825d06483eb4d724b6d3/hostname","HostsPath":"/var/lib/docker/containers/5037e64f6b73ca03de5becc5a3652804711d6c6d29e5825d06483eb4d724b6d3/hosts","LogPath":"/var/lib/docker/containers/5037e64f6b73ca03de5becc5a3652804711d6c6d29e5825d06483eb4d724b6d3/5037e64f6b73ca03de5becc5a3652804711d6c6d29e5825d06483eb4d724b6d3-json.log","Name":"/competent_lederberg","RestartCount":0,"Driver":"overlayfs","Platform":"linux","MountLabel":"","ProcessLabel":"","AppArmorProfile":"","ExecIDs":null,"HostConfig":{"Binds":null,"ContainerIDFile":"","LogConfig":{"Type":"json-file","Config":{}},"NetworkMode":"bridge","PortBindings":{},"RestartPolicy":{"Name":"no","MaximumRetryCount":0},"AutoRemove":false,"VolumeDriver":"","VolumesFrom":null,"ConsoleSize":[0,0],"CapAdd":null,"CapDrop":null,"CgroupnsMode":"private","Dns":null,"DnsOptions":null,"DnsSearch":null,"ExtraHosts":[],"GroupAdd":null,"IpcMode":"private","Cgroup":"","Links":null,"OomScoreAdj":0,"PidMode":"","Privileged":false,"PublishAllPorts":true,"ReadonlyRootfs":false,"SecurityOpt":null,"UTSMode":"","UsernsMode":"","ShmSize":67108864,"Runtime":"runc","Isolation":"","CpuShares":0,"Memory":0,"NanoCpus":0,"CgroupParent":"","BlkioWeight":0,"BlkioWeightDevice":null,"BlkioDeviceReadBps":null,"BlkioDeviceWriteBps":null,"BlkioDeviceReadIOps":null,"BlkioDeviceWriteIOps":null,"CpuPeriod":0,"CpuQuota":0,"CpuRealtimePeriod":0,"CpuRealtimeRuntime":0,"CpusetCpus":"","CpusetMems":"","Devices":null,"DeviceCgroupRules":null,"DeviceRequests":null,"MemoryReservation":0,"MemorySwap":0,"MemorySwappiness":null,"OomKillDisable":null,"PidsLimit":null,"Ulimits":null,"CpuCount":0,"CpuPercent":0,"IOMaximumIOps":0,"IOMaximumBandwidth":0,"MaskedPaths":["/proc/acpi","/proc/asound","/proc/interrupts","/proc/kcore","/proc/keys","/proc/latency_stats","/proc/sched_debug","/proc/scsi","/proc/timer_list","/proc/timer_stats","/sys/devices/virtual/powercap","/sys/firmware"],"ReadonlyPaths":["/proc/bus","/proc/fs","/proc/irq","/proc/sys","/proc/sysrq-trigger"]},"Storage":{"RootFS":{"Snapshot":{"Name":"overlayfs"}}},"Mounts":[{"Type":"volume","Name":"547478159d95b304fd294244c0720ef0600a0876f5f5ad2b8bd06d13cb8fd38e","Source":"/var/lib/docker/volumes/547478159d95b304fd294244c0720ef0600a0876f5f5ad2b8bd06d13cb8fd38e/_data","Destination":"/var/lib/postgresql/data","Driver":"local","Mode":"","RW":true,"Propagation":""}],"Config":{"Hostname":"5037e64f6b73","Domainname":"","User":"","AttachStdin":false,"AttachStdout":false,"AttachStderr":false,"ExposedPorts":{"5432/tcp":{}},"Tty":false,"OpenStdin":false,"StdinOnce":false,"Env":["POSTGRES_DB=postgres","POSTGRES_USER=postgres","POSTGRES_PASSWORD=postgres","PATH=/usr/local/sbin:/usr/local/bin:/usr/sbin:/usr/bin:/sbin:/bin","LANG=en_US.utf8","PG_MAJOR=11","PG_VERSION=11.22","PG_SHA256=2cb7c97d7a0d7278851bbc9c61f467b69c094c72b81740b751108e7892ebe1f0","DOCKER_PG_LLVM_DEPS=llvm15-dev \t\tclang15","PGDATA=/var/lib/postgresql/data"],"Cmd":["-c","fsync=off"],"Image":"postgres:11-alpine","Volumes":{"/var/lib/postgresql/data":{}},"WorkingDir":"","Entrypoint":["docker-entrypoint.sh"],"Labels":{"org.testcontainers.managed-by":"testcontainers"},"StopSignal":"SIGINT","StopTimeout":1},"NetworkSettings":{"SandboxID":"748b9a84382979f953b1533b0002cddb47554eef55d3f3d64b243c1a642073d8","SandboxKey":"/var/run/docker/netns/748b9a843829","Ports":{"5432/tcp":[{"HostIp":"0.0.0.0","HostPort":"55014"}]},"Networks":{"bridge":{"IPAMConfig":null,"Links":null,"Aliases":null,"DriverOpts":null,"GwPriority":0,"NetworkID":"754f17c3538100ce9f5e694631ddd4e14bdbc4a2224f06bf53a67127924670b8","EndpointID":"76c567883adb99c8fb3943b8244c47239ed0a480239183f5d31c92b3a8202008","Gateway":"172.17.0.1","IPAddress":"172.17.0.2","MacAddress":"ee:82:3e:53:af:54","IPPrefixLen":16,"IPv6Gateway":"","GlobalIPv6Address":"","GlobalIPv6PrefixLen":0,"DNSNames":null}}},"ImageManifestDescriptor":{"mediaType":"application/vnd.oci.image.manifest.v1+json","digest":"sha256:18e4157fe636feccd8622acadb106df9e3d0bda4518513d2b610435ed5934ac9","size":2190,"annotations":{"org.opencontainers.image.revision":"25f6ba56f915bb41b2e2def0ed3acc5ae5439f44","org.opencontainers.image.source":"https://github.com/docker-library/postgres.git#25f6ba56f915bb41b2e2def0ed3acc5ae5439f44:11/alpine3.19","org.opencontainers.image.url":"https://hub.docker.com/_/postgres","org.opencontainers.image.version":"11.22-alpine3.19"},"platform":{"architecture":"arm64","os":"linux","variant":"v8"}}}

[2m2026-01-25T12:58:54.713539Z[0m [34mDEBUG[0m [2mtestcontainers::core::ports[0m[2m:[0m Registering IPv4 port mapping: 5432/tcp -> 55014
[2m2026-01-25T12:58:54.713855Z[0m [34mDEBUG[0m [2mbollard::docker[0m[2m:[0m unix://2f7661722f72756e2f646f636b65722e736f636b/containers/5037e64f6b73ca03de5becc5a3652804711d6c6d29e5825d06483eb4d724b6d3/json
[2m2026-01-25T12:58:54.715676Z[0m [34mDEBUG[0m [2mbollard::docker[0m[2m:[0m Decoded into string: {"Id":"5037e64f6b73ca03de5becc5a3652804711d6c6d29e5825d06483eb4d724b6d3","Created":"2026-01-25T12:58:54.07993467Z","Path":"docker-entrypoint.sh","Args":["-c","fsync=off"],"State":{"Status":"running","Running":true,"Paused":false,"Restarting":false,"OOMKilled":false,"Dead":false,"Pid":2401,"ExitCode":0,"Error":"","StartedAt":"2026-01-25T12:58:54.102843462Z","FinishedAt":"0001-01-01T00:00:00Z"},"Image":"sha256:ea50b9fd617b66c9135816a4536cf6e0697d4eea7014a7194479c95f6edd5ef9","ResolvConfPath":"/var/lib/docker/containers/5037e64f6b73ca03de5becc5a3652804711d6c6d29e5825d06483eb4d724b6d3/resolv.conf","HostnamePath":"/var/lib/docker/containers/5037e64f6b73ca03de5becc5a3652804711d6c6d29e5825d06483eb4d724b6d3/hostname","HostsPath":"/var/lib/docker/containers/5037e64f6b73ca03de5becc5a3652804711d6c6d29e5825d06483eb4d724b6d3/hosts","LogPath":"/var/lib/docker/containers/5037e64f6b73ca03de5becc5a3652804711d6c6d29e5825d06483eb4d724b6d3/5037e64f6b73ca03de5becc5a3652804711d6c6d29e5825d06483eb4d724b6d3-json.log","Name":"/competent_lederberg","RestartCount":0,"Driver":"overlayfs","Platform":"linux","MountLabel":"","ProcessLabel":"","AppArmorProfile":"","ExecIDs":null,"HostConfig":{"Binds":null,"ContainerIDFile":"","LogConfig":{"Type":"json-file","Config":{}},"NetworkMode":"bridge","PortBindings":{},"RestartPolicy":{"Name":"no","MaximumRetryCount":0},"AutoRemove":false,"VolumeDriver":"","VolumesFrom":null,"ConsoleSize":[0,0],"CapAdd":null,"CapDrop":null,"CgroupnsMode":"private","Dns":null,"DnsOptions":null,"DnsSearch":null,"ExtraHosts":[],"GroupAdd":null,"IpcMode":"private","Cgroup":"","Links":null,"OomScoreAdj":0,"PidMode":"","Privileged":false,"PublishAllPorts":true,"ReadonlyRootfs":false,"SecurityOpt":null,"UTSMode":"","UsernsMode":"","ShmSize":67108864,"Runtime":"runc","Isolation":"","CpuShares":0,"Memory":0,"NanoCpus":0,"CgroupParent":"","BlkioWeight":0,"BlkioWeightDevice":null,"BlkioDeviceReadBps":null,"BlkioDeviceWriteBps":null,"BlkioDeviceReadIOps":null,"BlkioDeviceWriteIOps":null,"CpuPeriod":0,"CpuQuota":0,"CpuRealtimePeriod":0,"CpuRealtimeRuntime":0,"CpusetCpus":"","CpusetMems":"","Devices":null,"DeviceCgroupRules":null,"DeviceRequests":null,"MemoryReservation":0,"MemorySwap":0,"MemorySwappiness":null,"OomKillDisable":null,"PidsLimit":null,"Ulimits":null,"CpuCount":0,"CpuPercent":0,"IOMaximumIOps":0,"IOMaximumBandwidth":0,"MaskedPaths":["/proc/acpi","/proc/asound","/proc/interrupts","/proc/kcore","/proc/keys","/proc/latency_stats","/proc/sched_debug","/proc/scsi","/proc/timer_list","/proc/timer_stats","/sys/devices/virtual/powercap","/sys/firmware"],"ReadonlyPaths":["/proc/bus","/proc/fs","/proc/irq","/proc/sys","/proc/sysrq-trigger"]},"Storage":{"RootFS":{"Snapshot":{"Name":"overlayfs"}}},"Mounts":[{"Type":"volume","Name":"547478159d95b304fd294244c0720ef0600a0876f5f5ad2b8bd06d13cb8fd38e","Source":"/var/lib/docker/volumes/547478159d95b304fd294244c0720ef0600a0876f5f5ad2b8bd06d13cb8fd38e/_data","Destination":"/var/lib/postgresql/data","Driver":"local","Mode":"","RW":true,"Propagation":""}],"Config":{"Hostname":"5037e64f6b73","Domainname":"","User":"","AttachStdin":false,"AttachStdout":false,"AttachStderr":false,"ExposedPorts":{"5432/tcp":{}},"Tty":false,"OpenStdin":false,"StdinOnce":false,"Env":["POSTGRES_DB=postgres","POSTGRES_USER=postgres","POSTGRES_PASSWORD=postgres","PATH=/usr/local/sbin:/usr/local/bin:/usr/sbin:/usr/bin:/sbin:/bin","LANG=en_US.utf8","PG_MAJOR=11","PG_VERSION=11.22","PG_SHA256=2cb7c97d7a0d7278851bbc9c61f467b69c094c72b81740b751108e7892ebe1f0","DOCKER_PG_LLVM_DEPS=llvm15-dev \t\tclang15","PGDATA=/var/lib/postgresql/data"],"Cmd":["-c","fsync=off"],"Image":"postgres:11-alpine","Volumes":{"/var/lib/postgresql/data":{}},"WorkingDir":"","Entrypoint":["docker-entrypoint.sh"],"Labels":{"org.testcontainers.managed-by":"testcontainers"},"StopSignal":"SIGINT","StopTimeout":1},"NetworkSettings":{"SandboxID":"748b9a84382979f953b1533b0002cddb47554eef55d3f3d64b243c1a642073d8","SandboxKey":"/var/run/docker/netns/748b9a843829","Ports":{"5432/tcp":[{"HostIp":"0.0.0.0","HostPort":"55014"}]},"Networks":{"bridge":{"IPAMConfig":null,"Links":null,"Aliases":null,"DriverOpts":null,"GwPriority":0,"NetworkID":"754f17c3538100ce9f5e694631ddd4e14bdbc4a2224f06bf53a67127924670b8","EndpointID":"76c567883adb99c8fb3943b8244c47239ed0a480239183f5d31c92b3a8202008","Gateway":"172.17.0.1","IPAddress":"172.17.0.2","MacAddress":"ee:82:3e:53:af:54","IPPrefixLen":16,"IPv6Gateway":"","GlobalIPv6Address":"","GlobalIPv6PrefixLen":0,"DNSNames":null}}},"ImageManifestDescriptor":{"mediaType":"application/vnd.oci.image.manifest.v1+json","digest":"sha256:18e4157fe636feccd8622acadb106df9e3d0bda4518513d2b610435ed5934ac9","size":2190,"annotations":{"org.opencontainers.image.revision":"25f6ba56f915bb41b2e2def0ed3acc5ae5439f44","org.opencontainers.image.source":"https://github.com/docker-library/postgres.git#25f6ba56f915bb41b2e2def0ed3acc5ae5439f44:11/alpine3.19","org.opencontainers.image.url":"https://hub.docker.com/_/postgres","org.opencontainers.image.version":"11.22-alpine3.19"},"platform":{"architecture":"arm64","os":"linux","variant":"v8"}}}

[2m2026-01-25T12:58:54.716401Z[0m [34mDEBUG[0m [2mtestcontainers::core::ports[0m[2m:[0m Registering IPv4 port mapping: 5432/tcp -> 55014
[2m2026-01-25T12:58:54.716632Z[0m [34mDEBUG[0m [2mbollard::docker[0m[2m:[0m {"ExposedPorts":{},"Env":["VAULT_DEV_LISTEN_ADDRESS=0.0.0.0:8200","VAULT_DEV_ROOT_TOKEN_ID=root"],"Image":"hashicorp/vault:latest","Labels":{"org.testcontainers.managed-by":"testcontainers"},"HostConfig":{"PortBindings":{},"ExtraHosts":[],"Privileged":false,"PublishAllPorts":true,"ReadonlyRootfs":false}}
[2m2026-01-25T12:58:54.716752Z[0m [34mDEBUG[0m [2mbollard::docker[0m[2m:[0m unix://2f7661722f72756e2f646f636b65722e736f636b/containers/create?platform=
[2m2026-01-25T12:58:54.741779Z[0m [34mDEBUG[0m [2mbollard::docker[0m[2m:[0m Decoded into string: {"Id":"2c0e18ca6f772d9fefe60a7837f9aa671ebdca378715170ff5a243b24b8ee962","Warnings":[]}

[2m2026-01-25T12:58:54.741955Z[0m [34mDEBUG[0m [2mbollard::docker[0m[2m:[0m unix://2f7661722f72756e2f646f636b65722e736f636b/containers/2c0e18ca6f772d9fefe60a7837f9aa671ebdca378715170ff5a243b24b8ee962/start
[2m2026-01-25T12:58:54.804237Z[0m [34mDEBUG[0m [2mbollard::docker[0m[2m:[0m unix://2f7661722f72756e2f646f636b65722e736f636b/containers/2c0e18ca6f772d9fefe60a7837f9aa671ebdca378715170ff5a243b24b8ee962/json
[2m2026-01-25T12:58:54.808044Z[0m [34mDEBUG[0m [2mbollard::docker[0m[2m:[0m Decoded into string: {"Id":"2c0e18ca6f772d9fefe60a7837f9aa671ebdca378715170ff5a243b24b8ee962","Created":"2026-01-25T12:58:54.724670129Z","Path":"docker-entrypoint.sh","Args":["server","-dev"],"State":{"Status":"running","Running":true,"Paused":false,"Restarting":false,"OOMKilled":false,"Dead":false,"Pid":2501,"ExitCode":0,"Error":"","StartedAt":"2026-01-25T12:58:54.749208212Z","FinishedAt":"0001-01-01T00:00:00Z"},"Image":"sha256:eb0ba6836e8d4699b7a1e8ca70d8433f7b87dcd067e6d82dff237d3ed2600ea0","ResolvConfPath":"/var/lib/docker/containers/2c0e18ca6f772d9fefe60a7837f9aa671ebdca378715170ff5a243b24b8ee962/resolv.conf","HostnamePath":"/var/lib/docker/containers/2c0e18ca6f772d9fefe60a7837f9aa671ebdca378715170ff5a243b24b8ee962/hostname","HostsPath":"/var/lib/docker/containers/2c0e18ca6f772d9fefe60a7837f9aa671ebdca378715170ff5a243b24b8ee962/hosts","LogPath":"/var/lib/docker/containers/2c0e18ca6f772d9fefe60a7837f9aa671ebdca378715170ff5a243b24b8ee962/2c0e18ca6f772d9fefe60a7837f9aa671ebdca378715170ff5a243b24b8ee962-json.log","Name":"/agitated_dirac","RestartCount":0,"Driver":"overlayfs","Platform":"linux","MountLabel":"","ProcessLabel":"","AppArmorProfile":"","ExecIDs":null,"HostConfig":{"Binds":null,"ContainerIDFile":"","LogConfig":{"Type":"json-file","Config":{}},"NetworkMode":"bridge","PortBindings":{},"RestartPolicy":{"Name":"no","MaximumRetryCount":0},"AutoRemove":false,"VolumeDriver":"","VolumesFrom":null,"ConsoleSize":[0,0],"CapAdd":null,"CapDrop":null,"CgroupnsMode":"private","Dns":null,"DnsOptions":null,"DnsSearch":null,"ExtraHosts":[],"GroupAdd":null,"IpcMode":"private","Cgroup":"","Links":null,"OomScoreAdj":0,"PidMode":"","Privileged":false,"PublishAllPorts":true,"ReadonlyRootfs":false,"SecurityOpt":null,"UTSMode":"","UsernsMode":"","ShmSize":67108864,"Runtime":"runc","Isolation":"","CpuShares":0,"Memory":0,"NanoCpus":0,"CgroupParent":"","BlkioWeight":0,"BlkioWeightDevice":null,"BlkioDeviceReadBps":null,"BlkioDeviceWriteBps":null,"BlkioDeviceReadIOps":null,"BlkioDeviceWriteIOps":null,"CpuPeriod":0,"CpuQuota":0,"CpuRealtimePeriod":0,"CpuRealtimeRuntime":0,"CpusetCpus":"","CpusetMems":"","Devices":null,"DeviceCgroupRules":null,"DeviceRequests":null,"MemoryReservation":0,"MemorySwap":0,"MemorySwappiness":null,"OomKillDisable":null,"PidsLimit":null,"Ulimits":null,"CpuCount":0,"CpuPercent":0,"IOMaximumIOps":0,"IOMaximumBandwidth":0,"MaskedPaths":["/proc/acpi","/proc/asound","/proc/interrupts","/proc/kcore","/proc/keys","/proc/latency_stats","/proc/sched_debug","/proc/scsi","/proc/timer_list","/proc/timer_stats","/sys/devices/virtual/powercap","/sys/firmware"],"ReadonlyPaths":["/proc/bus","/proc/fs","/proc/irq","/proc/sys","/proc/sysrq-trigger"]},"Storage":{"RootFS":{"Snapshot":{"Name":"overlayfs"}}},"Mounts":[{"Type":"volume","Name":"97d8548387e174890ab4f78ce2787bd6782c506a0736ab9cd533b4fa74587ff3","Source":"/var/lib/docker/volumes/97d8548387e174890ab4f78ce2787bd6782c506a0736ab9cd533b4fa74587ff3/_data","Destination":"/vault/file","Driver":"local","Mode":"","RW":true,"Propagation":""},{"Type":"volume","Name":"d937b80f31a63d378b94007e7c453271dbacc99009286d107d57e039b737cc68","Source":"/var/lib/docker/volumes/d937b80f31a63d378b94007e7c453271dbacc99009286d107d57e039b737cc68/_data","Destination":"/vault/logs","Driver":"local","Mode":"","RW":true,"Propagation":""}],"Config":{"Hostname":"2c0e18ca6f77","Domainname":"","User":"","AttachStdin":false,"AttachStdout":false,"AttachStderr":false,"ExposedPorts":{"8200/tcp":{}},"Tty":false,"OpenStdin":false,"StdinOnce":false,"Env":["VAULT_DEV_LISTEN_ADDRESS=0.0.0.0:8200","VAULT_DEV_ROOT_TOKEN_ID=root","PATH=/usr/local/sbin:/usr/local/bin:/usr/sbin:/usr/bin:/sbin:/bin","NAME=vault"],"Cmd":["server","-dev"],"Image":"hashicorp/vault:latest","Volumes":{"/vault/file":{},"/vault/logs":{}},"WorkingDir":"/","Entrypoint":["docker-entrypoint.sh"],"Labels":{"description":"Vault is a tool for securely accessing secrets. A secret is anything that you want to tightly control access to, such as API keys, passwords, certificates, and more. Vault provides a unified interface to any secret, while providing tight access control and recording a detailed audit log.","maintainer":"Vault Team \u003cvault@hashicorp.com\u003e","name":"Vault","org.testcontainers.managed-by":"testcontainers","release":"781ba452d731fe2d59ccbc1b37ca7c5a18edb998","revision":"781ba452d731fe2d59ccbc1b37ca7c5a18edb998","summary":"Vault is a tool for securely accessing secrets.","vendor":"HashiCorp","version":"1.21.2"},"StopTimeout":1},"NetworkSettings":{"SandboxID":"833943430dbe54d198c9a14c360f39aa48155a0b44f7cc827e8825a52acd883a","SandboxKey":"/var/run/docker/netns/833943430dbe","Ports":{"8200/tcp":[{"HostIp":"0.0.0.0","HostPort":"55015"}]},"Networks":{"bridge":{"IPAMConfig":null,"Links":null,"Aliases":null,"DriverOpts":null,"GwPriority":0,"NetworkID":"754f17c3538100ce9f5e694631ddd4e14bdbc4a2224f06bf53a67127924670b8","EndpointID":"41f09a61fd3fbdc3ac90388c2b1c15500e2789b19cf293fe258742e267cf601d","Gateway":"172.17.0.1","IPAddress":"172.17.0.3","MacAddress":"46:88:a9:dc:91:8f","IPPrefixLen":16,"IPv6Gateway":"","GlobalIPv6Address":"","GlobalIPv6PrefixLen":0,"DNSNames":null}}},"ImageManifestDescriptor":{"mediaType":"application/vnd.docker.distribution.manifest.v2+json","digest":"sha256:f89d2269c0607258fa855d42a47bebb80bf9673849d7b23aa8925aa6a8dcd9d5","size":1399,"platform":{"architecture":"arm64","os":"linux"}}}

[2m2026-01-25T12:58:54.808702Z[0m [34mDEBUG[0m [2mtestcontainers::core::ports[0m[2m:[0m Registering IPv4 port mapping: 8200/tcp -> 55015
[2m2026-01-25T12:58:54.808748Z[0m [34mDEBUG[0m [2mtestcontainers::core::containers::async_container::raw[0m[2m:[0m Waiting for container 2c0e18ca6f772d9fefe60a7837f9aa671ebdca378715170ff5a243b24b8ee962 to be ready
[2m2026-01-25T12:58:54.808765Z[0m [34mDEBUG[0m [2mtestcontainers::core::containers::async_container::raw[0m[2m:[0m Container 2c0e18ca6f772d9fefe60a7837f9aa671ebdca378715170ff5a243b24b8ee962 is now ready!
[2m2026-01-25T12:58:54.808902Z[0m [34mDEBUG[0m [2mbollard::docker[0m[2m:[0m unix://2f7661722f72756e2f646f636b65722e736f636b/containers/2c0e18ca6f772d9fefe60a7837f9aa671ebdca378715170ff5a243b24b8ee962/json
[2m2026-01-25T12:58:54.811056Z[0m [34mDEBUG[0m [2mbollard::docker[0m[2m:[0m Decoded into string: {"Id":"2c0e18ca6f772d9fefe60a7837f9aa671ebdca378715170ff5a243b24b8ee962","Created":"2026-01-25T12:58:54.724670129Z","Path":"docker-entrypoint.sh","Args":["server","-dev"],"State":{"Status":"running","Running":true,"Paused":false,"Restarting":false,"OOMKilled":false,"Dead":false,"Pid":2501,"ExitCode":0,"Error":"","StartedAt":"2026-01-25T12:58:54.749208212Z","FinishedAt":"0001-01-01T00:00:00Z"},"Image":"sha256:eb0ba6836e8d4699b7a1e8ca70d8433f7b87dcd067e6d82dff237d3ed2600ea0","ResolvConfPath":"/var/lib/docker/containers/2c0e18ca6f772d9fefe60a7837f9aa671ebdca378715170ff5a243b24b8ee962/resolv.conf","HostnamePath":"/var/lib/docker/containers/2c0e18ca6f772d9fefe60a7837f9aa671ebdca378715170ff5a243b24b8ee962/hostname","HostsPath":"/var/lib/docker/containers/2c0e18ca6f772d9fefe60a7837f9aa671ebdca378715170ff5a243b24b8ee962/hosts","LogPath":"/var/lib/docker/containers/2c0e18ca6f772d9fefe60a7837f9aa671ebdca378715170ff5a243b24b8ee962/2c0e18ca6f772d9fefe60a7837f9aa671ebdca378715170ff5a243b24b8ee962-json.log","Name":"/agitated_dirac","RestartCount":0,"Driver":"overlayfs","Platform":"linux","MountLabel":"","ProcessLabel":"","AppArmorProfile":"","ExecIDs":null,"HostConfig":{"Binds":null,"ContainerIDFile":"","LogConfig":{"Type":"json-file","Config":{}},"NetworkMode":"bridge","PortBindings":{},"RestartPolicy":{"Name":"no","MaximumRetryCount":0},"AutoRemove":false,"VolumeDriver":"","VolumesFrom":null,"ConsoleSize":[0,0],"CapAdd":null,"CapDrop":null,"CgroupnsMode":"private","Dns":null,"DnsOptions":null,"DnsSearch":null,"ExtraHosts":[],"GroupAdd":null,"IpcMode":"private","Cgroup":"","Links":null,"OomScoreAdj":0,"PidMode":"","Privileged":false,"PublishAllPorts":true,"ReadonlyRootfs":false,"SecurityOpt":null,"UTSMode":"","UsernsMode":"","ShmSize":67108864,"Runtime":"runc","Isolation":"","CpuShares":0,"Memory":0,"NanoCpus":0,"CgroupParent":"","BlkioWeight":0,"BlkioWeightDevice":null,"BlkioDeviceReadBps":null,"BlkioDeviceWriteBps":null,"BlkioDeviceReadIOps":null,"BlkioDeviceWriteIOps":null,"CpuPeriod":0,"CpuQuota":0,"CpuRealtimePeriod":0,"CpuRealtimeRuntime":0,"CpusetCpus":"","CpusetMems":"","Devices":null,"DeviceCgroupRules":null,"DeviceRequests":null,"MemoryReservation":0,"MemorySwap":0,"MemorySwappiness":null,"OomKillDisable":null,"PidsLimit":null,"Ulimits":null,"CpuCount":0,"CpuPercent":0,"IOMaximumIOps":0,"IOMaximumBandwidth":0,"MaskedPaths":["/proc/acpi","/proc/asound","/proc/interrupts","/proc/kcore","/proc/keys","/proc/latency_stats","/proc/sched_debug","/proc/scsi","/proc/timer_list","/proc/timer_stats","/sys/devices/virtual/powercap","/sys/firmware"],"ReadonlyPaths":["/proc/bus","/proc/fs","/proc/irq","/proc/sys","/proc/sysrq-trigger"]},"Storage":{"RootFS":{"Snapshot":{"Name":"overlayfs"}}},"Mounts":[{"Type":"volume","Name":"97d8548387e174890ab4f78ce2787bd6782c506a0736ab9cd533b4fa74587ff3","Source":"/var/lib/docker/volumes/97d8548387e174890ab4f78ce2787bd6782c506a0736ab9cd533b4fa74587ff3/_data","Destination":"/vault/file","Driver":"local","Mode":"","RW":true,"Propagation":""},{"Type":"volume","Name":"d937b80f31a63d378b94007e7c453271dbacc99009286d107d57e039b737cc68","Source":"/var/lib/docker/volumes/d937b80f31a63d378b94007e7c453271dbacc99009286d107d57e039b737cc68/_data","Destination":"/vault/logs","Driver":"local","Mode":"","RW":true,"Propagation":""}],"Config":{"Hostname":"2c0e18ca6f77","Domainname":"","User":"","AttachStdin":false,"AttachStdout":false,"AttachStderr":false,"ExposedPorts":{"8200/tcp":{}},"Tty":false,"OpenStdin":false,"StdinOnce":false,"Env":["VAULT_DEV_LISTEN_ADDRESS=0.0.0.0:8200","VAULT_DEV_ROOT_TOKEN_ID=root","PATH=/usr/local/sbin:/usr/local/bin:/usr/sbin:/usr/bin:/sbin:/bin","NAME=vault"],"Cmd":["server","-dev"],"Image":"hashicorp/vault:latest","Volumes":{"/vault/file":{},"/vault/logs":{}},"WorkingDir":"/","Entrypoint":["docker-entrypoint.sh"],"Labels":{"description":"Vault is a tool for securely accessing secrets. A secret is anything that you want to tightly control access to, such as API keys, passwords, certificates, and more. Vault provides a unified interface to any secret, while providing tight access control and recording a detailed audit log.","maintainer":"Vault Team \u003cvault@hashicorp.com\u003e","name":"Vault","org.testcontainers.managed-by":"testcontainers","release":"781ba452d731fe2d59ccbc1b37ca7c5a18edb998","revision":"781ba452d731fe2d59ccbc1b37ca7c5a18edb998","summary":"Vault is a tool for securely accessing secrets.","vendor":"HashiCorp","version":"1.21.2"},"StopTimeout":1},"NetworkSettings":{"SandboxID":"833943430dbe54d198c9a14c360f39aa48155a0b44f7cc827e8825a52acd883a","SandboxKey":"/var/run/docker/netns/833943430dbe","Ports":{"8200/tcp":[{"HostIp":"0.0.0.0","HostPort":"55015"}]},"Networks":{"bridge":{"IPAMConfig":null,"Links":null,"Aliases":null,"DriverOpts":null,"GwPriority":0,"NetworkID":"754f17c3538100ce9f5e694631ddd4e14bdbc4a2224f06bf53a67127924670b8","EndpointID":"41f09a61fd3fbdc3ac90388c2b1c15500e2789b19cf293fe258742e267cf601d","Gateway":"172.17.0.1","IPAddress":"172.17.0.3","MacAddress":"46:88:a9:dc:91:8f","IPPrefixLen":16,"IPv6Gateway":"","GlobalIPv6Address":"","GlobalIPv6PrefixLen":0,"DNSNames":null}}},"ImageManifestDescriptor":{"mediaType":"application/vnd.docker.distribution.manifest.v2+json","digest":"sha256:f89d2269c0607258fa855d42a47bebb80bf9673849d7b23aa8925aa6a8dcd9d5","size":1399,"platform":{"architecture":"arm64","os":"linux"}}}

[2m2026-01-25T12:58:54.811710Z[0m [34mDEBUG[0m [2mtestcontainers::core::ports[0m[2m:[0m Registering IPv4 port mapping: 8200/tcp -> 55015
[2m2026-01-25T12:58:54.811837Z[0m [34mDEBUG[0m [2mbollard::docker[0m[2m:[0m unix://2f7661722f72756e2f646f636b65722e736f636b/containers/2c0e18ca6f772d9fefe60a7837f9aa671ebdca378715170ff5a243b24b8ee962/json
[2m2026-01-25T12:58:54.813611Z[0m [34mDEBUG[0m [2mbollard::docker[0m[2m:[0m Decoded into string: {"Id":"2c0e18ca6f772d9fefe60a7837f9aa671ebdca378715170ff5a243b24b8ee962","Created":"2026-01-25T12:58:54.724670129Z","Path":"docker-entrypoint.sh","Args":["server","-dev"],"State":{"Status":"running","Running":true,"Paused":false,"Restarting":false,"OOMKilled":false,"Dead":false,"Pid":2501,"ExitCode":0,"Error":"","StartedAt":"2026-01-25T12:58:54.749208212Z","FinishedAt":"0001-01-01T00:00:00Z"},"Image":"sha256:eb0ba6836e8d4699b7a1e8ca70d8433f7b87dcd067e6d82dff237d3ed2600ea0","ResolvConfPath":"/var/lib/docker/containers/2c0e18ca6f772d9fefe60a7837f9aa671ebdca378715170ff5a243b24b8ee962/resolv.conf","HostnamePath":"/var/lib/docker/containers/2c0e18ca6f772d9fefe60a7837f9aa671ebdca378715170ff5a243b24b8ee962/hostname","HostsPath":"/var/lib/docker/containers/2c0e18ca6f772d9fefe60a7837f9aa671ebdca378715170ff5a243b24b8ee962/hosts","LogPath":"/var/lib/docker/containers/2c0e18ca6f772d9fefe60a7837f9aa671ebdca378715170ff5a243b24b8ee962/2c0e18ca6f772d9fefe60a7837f9aa671ebdca378715170ff5a243b24b8ee962-json.log","Name":"/agitated_dirac","RestartCount":0,"Driver":"overlayfs","Platform":"linux","MountLabel":"","ProcessLabel":"","AppArmorProfile":"","ExecIDs":null,"HostConfig":{"Binds":null,"ContainerIDFile":"","LogConfig":{"Type":"json-file","Config":{}},"NetworkMode":"bridge","PortBindings":{},"RestartPolicy":{"Name":"no","MaximumRetryCount":0},"AutoRemove":false,"VolumeDriver":"","VolumesFrom":null,"ConsoleSize":[0,0],"CapAdd":null,"CapDrop":null,"CgroupnsMode":"private","Dns":null,"DnsOptions":null,"DnsSearch":null,"ExtraHosts":[],"GroupAdd":null,"IpcMode":"private","Cgroup":"","Links":null,"OomScoreAdj":0,"PidMode":"","Privileged":false,"PublishAllPorts":true,"ReadonlyRootfs":false,"SecurityOpt":null,"UTSMode":"","UsernsMode":"","ShmSize":67108864,"Runtime":"runc","Isolation":"","CpuShares":0,"Memory":0,"NanoCpus":0,"CgroupParent":"","BlkioWeight":0,"BlkioWeightDevice":null,"BlkioDeviceReadBps":null,"BlkioDeviceWriteBps":null,"BlkioDeviceReadIOps":null,"BlkioDeviceWriteIOps":null,"CpuPeriod":0,"CpuQuota":0,"CpuRealtimePeriod":0,"CpuRealtimeRuntime":0,"CpusetCpus":"","CpusetMems":"","Devices":null,"DeviceCgroupRules":null,"DeviceRequests":null,"MemoryReservation":0,"MemorySwap":0,"MemorySwappiness":null,"OomKillDisable":null,"PidsLimit":null,"Ulimits":null,"CpuCount":0,"CpuPercent":0,"IOMaximumIOps":0,"IOMaximumBandwidth":0,"MaskedPaths":["/proc/acpi","/proc/asound","/proc/interrupts","/proc/kcore","/proc/keys","/proc/latency_stats","/proc/sched_debug","/proc/scsi","/proc/timer_list","/proc/timer_stats","/sys/devices/virtual/powercap","/sys/firmware"],"ReadonlyPaths":["/proc/bus","/proc/fs","/proc/irq","/proc/sys","/proc/sysrq-trigger"]},"Storage":{"RootFS":{"Snapshot":{"Name":"overlayfs"}}},"Mounts":[{"Type":"volume","Name":"97d8548387e174890ab4f78ce2787bd6782c506a0736ab9cd533b4fa74587ff3","Source":"/var/lib/docker/volumes/97d8548387e174890ab4f78ce2787bd6782c506a0736ab9cd533b4fa74587ff3/_data","Destination":"/vault/file","Driver":"local","Mode":"","RW":true,"Propagation":""},{"Type":"volume","Name":"d937b80f31a63d378b94007e7c453271dbacc99009286d107d57e039b737cc68","Source":"/var/lib/docker/volumes/d937b80f31a63d378b94007e7c453271dbacc99009286d107d57e039b737cc68/_data","Destination":"/vault/logs","Driver":"local","Mode":"","RW":true,"Propagation":""}],"Config":{"Hostname":"2c0e18ca6f77","Domainname":"","User":"","AttachStdin":false,"AttachStdout":false,"AttachStderr":false,"ExposedPorts":{"8200/tcp":{}},"Tty":false,"OpenStdin":false,"StdinOnce":false,"Env":["VAULT_DEV_LISTEN_ADDRESS=0.0.0.0:8200","VAULT_DEV_ROOT_TOKEN_ID=root","PATH=/usr/local/sbin:/usr/local/bin:/usr/sbin:/usr/bin:/sbin:/bin","NAME=vault"],"Cmd":["server","-dev"],"Image":"hashicorp/vault:latest","Volumes":{"/vault/file":{},"/vault/logs":{}},"WorkingDir":"/","Entrypoint":["docker-entrypoint.sh"],"Labels":{"description":"Vault is a tool for securely accessing secrets. A secret is anything that you want to tightly control access to, such as API keys, passwords, certificates, and more. Vault provides a unified interface to any secret, while providing tight access control and recording a detailed audit log.","maintainer":"Vault Team \u003cvault@hashicorp.com\u003e","name":"Vault","org.testcontainers.managed-by":"testcontainers","release":"781ba452d731fe2d59ccbc1b37ca7c5a18edb998","revision":"781ba452d731fe2d59ccbc1b37ca7c5a18edb998","summary":"Vault is a tool for securely accessing secrets.","vendor":"HashiCorp","version":"1.21.2"},"StopTimeout":1},"NetworkSettings":{"SandboxID":"833943430dbe54d198c9a14c360f39aa48155a0b44f7cc827e8825a52acd883a","SandboxKey":"/var/run/docker/netns/833943430dbe","Ports":{"8200/tcp":[{"HostIp":"0.0.0.0","HostPort":"55015"}]},"Networks":{"bridge":{"IPAMConfig":null,"Links":null,"Aliases":null,"DriverOpts":null,"GwPriority":0,"NetworkID":"754f17c3538100ce9f5e694631ddd4e14bdbc4a2224f06bf53a67127924670b8","EndpointID":"41f09a61fd3fbdc3ac90388c2b1c15500e2789b19cf293fe258742e267cf601d","Gateway":"172.17.0.1","IPAddress":"172.17.0.3","MacAddress":"46:88:a9:dc:91:8f","IPPrefixLen":16,"IPv6Gateway":"","GlobalIPv6Address":"","GlobalIPv6PrefixLen":0,"DNSNames":null}}},"ImageManifestDescriptor":{"mediaType":"application/vnd.docker.distribution.manifest.v2+json","digest":"sha256:f89d2269c0607258fa855d42a47bebb80bf9673849d7b23aa8925aa6a8dcd9d5","size":1399,"platform":{"architecture":"arm64","os":"linux"}}}

[2m2026-01-25T12:58:54.814255Z[0m [34mDEBUG[0m [2mtestcontainers::core::ports[0m[2m:[0m Registering IPv4 port mapping: 8200/tcp -> 55015
[2m2026-01-25T12:58:54.837899Z[0m [34mDEBUG[0m [2mreqwest::connect[0m[2m:[0m starting new connection: http://127.0.0.1:55015/
[2m2026-01-25T12:58:54.837952Z[0m [34mDEBUG[0m [2mhyper_util::client::legacy::connect::http[0m[2m:[0m connecting to 127.0.0.1:55015
[2m2026-01-25T12:58:54.838202Z[0m [34mDEBUG[0m [2mhyper_util::client::legacy::connect::http[0m[2m:[0m connected to 127.0.0.1:55015
[2m2026-01-25T12:58:55.340174Z[0m [34mDEBUG[0m [2mreqwest::connect[0m[2m:[0m starting new connection: http://127.0.0.1:55015/
[2m2026-01-25T12:58:55.340520Z[0m [34mDEBUG[0m [2mhyper_util::client::legacy::connect::http[0m[2m:[0m connecting to 127.0.0.1:55015
[2m2026-01-25T12:58:55.340777Z[0m [34mDEBUG[0m [2mhyper_util::client::legacy::connect::http[0m[2m:[0m connected to 127.0.0.1:55015
[2m2026-01-25T12:58:55.343482Z[0m [34mDEBUG[0m [2mhyper_util::client::legacy::pool[0m[2m:[0m pooling idle connection for ("http", 127.0.0.1:55015)
[2m2026-01-25T12:58:55.343838Z[0m [34mDEBUG[0m [2mhyper_util::client::legacy::pool[0m[2m:[0m reuse idle connection for ("http", 127.0.0.1:55015)
[2m2026-01-25T12:58:55.489177Z[0m [34mDEBUG[0m [2mhyper_util::client::legacy::pool[0m[2m:[0m pooling idle connection for ("http", 127.0.0.1:55015)
[2m2026-01-25T12:58:55.489515Z[0m [34mDEBUG[0m [2mhyper_util::client::legacy::pool[0m[2m:[0m reuse idle connection for ("http", 127.0.0.1:55015)
[2m2026-01-25T12:58:55.490699Z[0m [34mDEBUG[0m [2mhyper_util::client::legacy::pool[0m[2m:[0m pooling idle connection for ("http", 127.0.0.1:55015)
[2m2026-01-25T12:58:55.495225Z[0m [34mDEBUG[0m [2msqlx::query[0m[2m:[0m [3msummary[0m[2m=[0m"SELECT current_database()" [3mdb.statement[0m[2m=[0m"" [3mrows_affected[0m[2m=[0m1 [3mrows_returned[0m[2m=[0m1 [3melapsed[0m[2m=[0m586.541µs [3melapsed_secs[0m[2m=[0m0.000586541
[2m2026-01-25T12:58:55.495780Z[0m [34mDEBUG[0m [2msqlx::query[0m[2m:[0m [3msummary[0m[2m=[0m"SELECT pg_advisory_lock($1)" [3mdb.statement[0m[2m=[0m"" [3mrows_affected[0m[2m=[0m1 [3mrows_returned[0m[2m=[0m1 [3melapsed[0m[2m=[0m451.5µs [3melapsed_secs[0m[2m=[0m0.0004515
[2m2026-01-25T12:58:55.497394Z[0m [34mDEBUG[0m [2msqlx::query[0m[2m:[0m [3msummary[0m[2m=[0m"CREATE TABLE IF NOT …" [3mdb.statement[0m[2m=[0m"\n\n\nCREATE TABLE IF NOT EXISTS _sqlx_migrations (\n    version BIGINT PRIMARY KEY,\n    description TEXT NOT NULL,\n    installed_on TIMESTAMPTZ NOT NULL DEFAULT now(),\n    success BOOLEAN NOT NULL,\n    checksum BYTEA NOT NULL,\n    execution_time BIGINT NOT NULL\n);\n                \n" [3mrows_affected[0m[2m=[0m0 [3mrows_returned[0m[2m=[0m0 [3melapsed[0m[2m=[0m1.538833ms [3melapsed_secs[0m[2m=[0m0.001538833
[2m2026-01-25T12:58:55.498092Z[0m [34mDEBUG[0m [2msqlx::query[0m[2m:[0m [3msummary[0m[2m=[0m"SELECT version FROM _sqlx_migrations …" [3mdb.statement[0m[2m=[0m"\n\nSELECT version FROM _sqlx_migrations WHERE success = false ORDER BY version LIMIT 1\n" [3mrows_affected[0m[2m=[0m0 [3mrows_returned[0m[2m=[0m0 [3melapsed[0m[2m=[0m594.583µs [3melapsed_secs[0m[2m=[0m0.000594583
[2m2026-01-25T12:58:55.498552Z[0m [34mDEBUG[0m [2msqlx::query[0m[2m:[0m [3msummary[0m[2m=[0m"SELECT version, checksum FROM …" [3mdb.statement[0m[2m=[0m"\n\nSELECT version, checksum FROM _sqlx_migrations ORDER BY version\n" [3mrows_affected[0m[2m=[0m0 [3mrows_returned[0m[2m=[0m0 [3melapsed[0m[2m=[0m403.333µs [3melapsed_secs[0m[2m=[0m0.000403333
[2m2026-01-25T12:58:55.500977Z[0m [34mDEBUG[0m [2msqlx::query[0m[2m:[0m [3msummary[0m[2m=[0m"-- Add migration script …" [3mdb.statement[0m[2m=[0m"\n\n-- Add migration script here\r\nCREATE EXTENSION IF NOT EXISTS \"uuid-ossp\";\r\n\r\nCREATE TABLE IF NOT EXISTS master_wallets (\r\n    id UUID PRIMARY KEY DEFAULT uuid_generate_v4(),\r\n    label TEXT NOT NULL,\r\n    encrypted_phrase TEXT NOT NULL, -- The encrypted mnemonic phrase\r\n    created_at TIMESTAMPTZ NOT NULL DEFAULT NOW()\r\n);\r\n\r\nCREATE TABLE IF NOT EXISTS derived_addresses (\r\n    id UUID PRIMARY KEY DEFAULT uuid_generate_v4(),\r\n    wallet_id UUID NOT NULL REFERENCES master_wallets(id) ON DELETE CASCADE,\r\n    network TEXT NOT NULL,\r\n    address_index INTEGER NOT NULL,\r\n    address TEXT NOT NULL,\r\n    created_at TIMESTAMPTZ NOT NULL DEFAULT NOW(),\r\n    UNIQUE(wallet_id, network, address_index)\r\n);\r\n\n" [3mrows_affected[0m[2m=[0m0 [3mrows_returned[0m[2m=[0m0 [3melapsed[0m[2m=[0m2.197666ms [3melapsed_secs[0m[2m=[0m0.002197666
[2m2026-01-25T12:58:55.501459Z[0m [34mDEBUG[0m [2msqlx::query[0m[2m:[0m [3msummary[0m[2m=[0m"INSERT INTO _sqlx_migrations ( …" [3mdb.statement[0m[2m=[0m"\n\n\n    INSERT INTO _sqlx_migrations ( version, description, success, checksum, execution_time )\n    VALUES ( $1, $2, TRUE, $3, -1 )\n                \n" [3mrows_affected[0m[2m=[0m1 [3mrows_returned[0m[2m=[0m0 [3melapsed[0m[2m=[0m400.666µs [3melapsed_secs[0m[2m=[0m0.000400666
[2m2026-01-25T12:58:55.501679Z[0m [34mDEBUG[0m [2msqlx::query[0m[2m:[0m [3msummary[0m[2m=[0m"COMMIT" [3mdb.statement[0m[2m=[0m"" [3mrows_affected[0m[2m=[0m0 [3mrows_returned[0m[2m=[0m0 [3melapsed[0m[2m=[0m178.458µs [3melapsed_secs[0m[2m=[0m0.000178458
[2m2026-01-25T12:58:55.502087Z[0m [34mDEBUG[0m [2msqlx::query[0m[2m:[0m [3msummary[0m[2m=[0m"UPDATE _sqlx_migrations SET execution_time …" [3mdb.statement[0m[2m=[0m"\n\n\n    UPDATE _sqlx_migrations\n    SET execution_time = $1\n    WHERE version = $2\n                \n" [3mrows_affected[0m[2m=[0m1 [3mrows_returned[0m[2m=[0m0 [3melapsed[0m[2m=[0m367.916µs [3melapsed_secs[0m[2m=[0m0.000367916
[2m2026-01-25T12:58:55.503962Z[0m [34mDEBUG[0m [2msqlx::query[0m[2m:[0m [3msummary[0m[2m=[0m"CREATE EXTENSION IF NOT …" [3mdb.statement[0m[2m=[0m"\n\nCREATE EXTENSION IF NOT EXISTS \"pgcrypto\";\n\nCREATE TABLE audit_logs (\n    id UUID PRIMARY KEY DEFAULT gen_random_uuid(),\n    action VARCHAR(50) NOT NULL,\n    wallet_id UUID,\n    status VARCHAR(20) NOT NULL,\n    ip_address VARCHAR(45),\n    details JSONB,\n    created_at TIMESTAMPTZ DEFAULT NOW()\n);\n\nCREATE INDEX idx_audit_logs_wallet_id ON audit_logs(wallet_id);\nCREATE INDEX idx_audit_logs_action ON audit_logs(action);\n\n" [3mrows_affected[0m[2m=[0m0 [3mrows_returned[0m[2m=[0m0 [3melapsed[0m[2m=[0m1.678666ms [3melapsed_secs[0m[2m=[0m0.001678666
[2m2026-01-25T12:58:55.504231Z[0m [34mDEBUG[0m [2msqlx::query[0m[2m:[0m [3msummary[0m[2m=[0m"INSERT INTO _sqlx_migrations ( …" [3mdb.statement[0m[2m=[0m"\n\n\n    INSERT INTO _sqlx_migrations ( version, description, success, checksum, execution_time )\n    VALUES ( $1, $2, TRUE, $3, -1 )\n                \n" [3mrows_affected[0m[2m=[0m1 [3mrows_returned[0m[2m=[0m0 [3melapsed[0m[2m=[0m194.75µs [3melapsed_secs[0m[2m=[0m0.00019475
[2m2026-01-25T12:58:55.504473Z[0m [34mDEBUG[0m [2msqlx::query[0m[2m:[0m [3msummary[0m[2m=[0m"COMMIT" [3mdb.statement[0m[2m=[0m"" [3mrows_affected[0m[2m=[0m0 [3mrows_returned[0m[2m=[0m0 [3melapsed[0m[2m=[0m199.834µs [3melapsed_secs[0m[2m=[0m0.000199834
[2m2026-01-25T12:58:55.504733Z[0m [34mDEBUG[0m [2msqlx::query[0m[2m:[0m [3msummary[0m[2m=[0m"UPDATE _sqlx_migrations SET execution_time …" [3mdb.statement[0m[2m=[0m"\n\n\n    UPDATE _sqlx_migrations\n    SET execution_time = $1\n    WHERE version = $2\n                \n" [3mrows_affected[0m[2m=[0m1 [3mrows_returned[0m[2m=[0m0 [3melapsed[0m[2m=[0m205.958µs [3melapsed_secs[0m[2m=[0m0.000205958
[2m2026-01-25T12:58:55.504940Z[0m [34mDEBUG[0m [2msqlx::query[0m[2m:[0m [3msummary[0m[2m=[0m"SELECT current_database()" [3mdb.statement[0m[2m=[0m"" [3mrows_affected[0m[2m=[0m1 [3mrows_returned[0m[2m=[0m1 [3melapsed[0m[2m=[0m166.291µs [3melapsed_secs[0m[2m=[0m0.000166291
[2m2026-01-25T12:58:55.505438Z[0m [34mDEBUG[0m [2msqlx::query[0m[2m:[0m [3msummary[0m[2m=[0m"SELECT pg_advisory_unlock($1)" [3mdb.statement[0m[2m=[0m"" [3mrows_affected[0m[2m=[0m1 [3mrows_returned[0m[2m=[0m1 [3melapsed[0m[2m=[0m446.625µs [3melapsed_secs[0m[2m=[0m0.000446625
[2m2026-01-25T12:58:55.706576Z[0m [34mDEBUG[0m [1mrequest[0m[1m{[0m[3mmethod[0m[2m=[0mGET [3muri[0m[2m=[0m/api/v1/health [3mversion[0m[2m=[0mHTTP/1.1[1m}[0m[2m:[0m [2mtower_http::trace::on_request[0m[2m:[0m started processing request
[2m2026-01-25T12:58:55.706624Z[0m [33m WARN[0m [1mrequest[0m[1m{[0m[3mmethod[0m[2m=[0mGET [3muri[0m[2m=[0m/api/v1/health [3mversion[0m[2m=[0mHTTP/1.1[1m}[0m[2m:[0m [2mcrypto_wallets_service::api[0m[2m:[0m Unauthorized access attempt. Headers: {"x-request-id": "23540e2b-292d-4454-ae9e-225087698795"}
[2m2026-01-25T12:58:55.706642Z[0m [34mDEBUG[0m [1mrequest[0m[1m{[0m[3mmethod[0m[2m=[0mGET [3muri[0m[2m=[0m/api/v1/health [3mversion[0m[2m=[0mHTTP/1.1[1m}[0m[2m:[0m [2mtower_http::trace::on_response[0m[2m:[0m finished processing request [3mlatency[0m[2m=[0m0 ms [3mstatus[0m[2m=[0m401

thread 'full_integration_test' (2058443) panicked at tests/integration_test.rs:159:5:
assertion `left == right` failed
  left: 401
 right: 200
note: run with `RUST_BACKTRACE=1` environment variable to display a backtrace
[2m2026-01-25T12:58:55.706946Z[0m [34mDEBUG[0m [2mbollard::docker[0m[2m:[0m unix://2f7661722f72756e2f646f636b65722e736f636b/containers/2c0e18ca6f772d9fefe60a7837f9aa671ebdca378715170ff5a243b24b8ee962?v=true&force=true&link=false
[2m2026-01-25T12:58:55.913214Z[0m [34mDEBUG[0m [2mtestcontainers::core::containers::async_container[0m[2m:[0m Container 2c0e18ca6f772d9fefe60a7837f9aa671ebdca378715170ff5a243b24b8ee962 was successfully dropped
[2m2026-01-25T12:58:55.913481Z[0m [34mDEBUG[0m [2mbollard::docker[0m[2m:[0m unix://2f7661722f72756e2f646f636b65722e736f636b/containers/5037e64f6b73ca03de5becc5a3652804711d6c6d29e5825d06483eb4d724b6d3?v=true&force=true&link=false
[2m2026-01-25T12:58:56.098234Z[0m [34mDEBUG[0m [2mtestcontainers::core::containers::async_container[0m[2m:[0m Container 5037e64f6b73ca03de5becc5a3652804711d6c6d29e5825d06483eb4d724b6d3 was successfully dropped
test full_integration_test ... FAILED

failures:

failures:
    full_integration_test

test result: FAILED. 0 passed; 1 failed; 0 ignored; 0 measured; 0 filtered out; finished in 2.04s

error: test failed, to rerun pass `--test integration_test`
